// Jest Snapshot v1, https://goo.gl/fbAQLP

exports[`MovieGenre component: Should have right text: 1`] = `"<a href=\\"#my awesome genre\\" class=\\"is-inline-block\\">Â #my awesome genre</a>"`;
