// Jest Snapshot v1, https://goo.gl/fbAQLP

exports[`ErrorBoundary component: Should show error message: 1`] = `
"<div><h2>Something went wrong.</h2><details style=\\"white-space:pre-wrap\\">Error: hi!<br/>
    in FakeComponent (created by ErrorBoundary)
    in ErrorBoundary (created by WrapperComponent)
    in WrapperComponent</details></div>"
`;
